[teckko.vercel.app/index.html]
[backblue.gif]
[fade.gif]
[index.html]
[teckko.vercel.app/css/bootstrap.css]
[teckko.vercel.app/css/animate.min.css]
[teckko.vercel.app/css/magnific-popup.min.css]
[teckko.vercel.app/css/swiper-bundle.min.css]
[teckko.vercel.app/css/nice-select.css]
[teckko.vercel.app/css/odometer-theme-default.css]
[teckko.vercel.app/css/textanimation.css]
[sibforms.com/forms/end-form/build/sib-styles.css]
[teckko.vercel.app/css/styles.css]
[teckko.vercel.app/icons/icomoon/style.css]
[teckko.vercel.app/image/logo/favicon.png]
[teckko.vercel.app/index-2.html]
[teckko.vercel.app/image/logo/logo.svg]
[teckko.vercel.app/about-us.html]
[teckko.vercel.app/porfolio-grid.html]
[teckko.vercel.app/porfolio-list.html]
[teckko.vercel.app/porfolio-details.html]
[teckko.vercel.app/services.html]
[teckko.vercel.app/services-details.html]
[teckko.vercel.app/team.html]
[teckko.vercel.app/faq.html]
[teckko.vercel.app/pricing.html]
[teckko.vercel.app/blog-standard.html]
[teckko.vercel.app/blog-list.html]
[teckko.vercel.app/blog-details.html]
[teckko.vercel.app/contact.html]
[teckko.vercel.app/image/page-title/img-page-title.jpg]
[teckko.vercel.app/image/section/img-section-counting-1.jpg]
[teckko.vercel.app/image/icon/icon-box-avatar.png]
[teckko.vercel.app/image/avatar/agent-1.jpg]
[teckko.vercel.app/image/avatar/agent-2.jpg]
[teckko.vercel.app/image/avatar/agent-3.jpg]
[teckko.vercel.app/image/section/img-according-1.jpg]
[teckko.vercel.app/image/section/img-section-company.jpg]
[teckko.vercel.app/image/services-item/services-1.jpg]
[teckko.vercel.app/image/services-item/services-2.jpg]
[teckko.vercel.app/image/services-item/services-3.jpg]
[teckko.vercel.app/image/avatar/agent-4.jpg]
[teckko.vercel.app/image/avatar/agent-5.jpg]
[teckko.vercel.app/image/avatar/agent-6.jpg]
[teckko.vercel.app/image/icon/line-2.png]
[teckko.vercel.app/image/team-item/team-item-1.jpg]
[teckko.vercel.app/image/team-item/team-item-2.jpg]
[teckko.vercel.app/image/team-item/team-item-3.jpg]
[teckko.vercel.app/image/project-item/project-item-1.jpg]
[teckko.vercel.app/image/section/section-testimonial-1.jpg]
[teckko.vercel.app/image/section/section-testimonial-2.jpg]
[teckko.vercel.app/image/section/section-testimonial-3.jpg]
[teckko.vercel.app/image/section/section-testimonial-4.jpg]
[teckko.vercel.app/image/section/img-section-form-1.jpg]
[teckko.vercel.app/image/blog/post-list-4.jpg]
[teckko.vercel.app/image/blog/post-list-5.jpg]
[teckko.vercel.app/image/blog/post-list-1.jpg]
[teckko.vercel.app/image/blog/post-list-2.jpg]
[teckko.vercel.app/image/blog/post-list-3.jpg]
[teckko.vercel.app/js/bootstrap.min.js]
[teckko.vercel.app/js/jquery.min.js]
[teckko.vercel.app/js/jquery.nice-select.min.js]
[teckko.vercel.app/js/lazysize.min.js]
[teckko.vercel.app/js/magnific-popup.min.js]
[teckko.vercel.app/js/gsap.min.js]
[teckko.vercel.app/js/gsap-animation.js]
[teckko.vercel.app/js/ScrollTrigger.min.js]
[teckko.vercel.app/js/Splitetext.js]
[teckko.vercel.app/js/wow.min.js]
[teckko.vercel.app/js/ScrollSmooth.js]
[teckko.vercel.app/js/swiper-bundle.min.js]
[teckko.vercel.app/js/carousel.js]
[teckko.vercel.app/js/odometer.min.js]
[teckko.vercel.app/js/jquery-validate.js]
[teckko.vercel.app/js/textanimation.js]
[teckko.vercel.app/js/main.js]
[teckko.vercel.app/index.html]
[teckko.vercel.app/css/bootstrap.css]
[teckko.vercel.app/css/animate.min.css]
[teckko.vercel.app/css/magnific-popup.min.css]
[teckko.vercel.app/css/swiper-bundle.min.css]
[teckko.vercel.app/css/nice-select.css]
[teckko.vercel.app/css/odometer-theme-default.css]
[teckko.vercel.app/css/textanimation.css]
[teckko.vercel.app/js/sibforms.js]
[static.brevo.com/images/flags.webp]
[sibforms.com/forms/end-form/build/sib-styles.css]
[teckko.vercel.app/image/blog/banner-sidebar-1.jpg]
[teckko.vercel.app/image/section/bg-info-box.png]
[teckko.vercel.app/css/styles.css]
[teckko.vercel.app/icons/icomoon/fonts/icomoon73a7.eot]
[teckko.vercel.app/icons/icomoon/fonts/icomoon73a7.ttf]
[teckko.vercel.app/icons/icomoon/fonts/icomoon73a7.woff]
[teckko.vercel.app/icons/icomoon/style.css]
[teckko.vercel.app/index-2.html]
[teckko.vercel.app/image/logo/logo.svg]
[teckko.vercel.app/about-us.html]
[teckko.vercel.app/icons/icomoon/fonts/icomoon73a7.svg]
[teckko.vercel.app/image/project-item/project-item-2.jpg]
[teckko.vercel.app/image/project-item/project-item-3.jpg]
[teckko.vercel.app/image/project-item/project-item-4.jpg]
[teckko.vercel.app/image/project-item/project-item-5.jpg]
[teckko.vercel.app/image/project-item/project-item-6.jpg]
[teckko.vercel.app/image/project-item/project-item-7.jpg]
[teckko.vercel.app/porfolio-grid.html]
[teckko.vercel.app/porfolio-list.html]
[teckko.vercel.app/image/section/project-details-1.jpg]
[teckko.vercel.app/image/section/project-details-2.jpg]
[teckko.vercel.app/image/section/project-details-3.jpg]
[teckko.vercel.app/image/section/project-details-4.jpg]
[teckko.vercel.app/image/section/service-details-prev.jpg]
[teckko.vercel.app/image/section/service-details-next.jpg]
[teckko.vercel.app/porfolio-details.html]
[teckko.vercel.app/image/section/img-section-about-p-serveic-1.jpg]
[teckko.vercel.app/image/section/img-section-about-p-serveic-2.jpg]
[teckko.vercel.app/image/avatar/avatar-tes-1.jpg]
[teckko.vercel.app/image/avatar/avatar-tes-2.jpg]
[teckko.vercel.app/services.html]
[teckko.vercel.app/image/section/service-details-1.jpg]
[teckko.vercel.app/image/section/service-details-2.jpg]
[teckko.vercel.app/services-details.html]
[teckko.vercel.app/image/section/img-seciton-benefit-p-team.jpg]
[teckko.vercel.app/image/team-item/team-item-4.jpg]
[teckko.vercel.app/image/team-item/team-item-7.jpg]
[teckko.vercel.app/image/team-item/team-item-6.jpg]
[teckko.vercel.app/image/team-item/team-item-8.jpg]
[teckko.vercel.app/image/team-item/team-item-5.jpg]
[teckko.vercel.app/team.html]
[teckko.vercel.app/faq.html]
[teckko.vercel.app/pricing.html]
[teckko.vercel.app/image/blog/blog-grid-1.jpg]
[teckko.vercel.app/image/blog/blog-grid-5.jpg]
[teckko.vercel.app/image/blog/blog-grid-2.jpg]
[teckko.vercel.app/image/blog/blog-grid-6.jpg]
[teckko.vercel.app/image/blog/blog-grid-3.jpg]
[teckko.vercel.app/image/blog/blog-grid-7.jpg]
[teckko.vercel.app/image/blog/blog-grid-4.jpg]
[teckko.vercel.app/image/blog/blog-grid-8.jpg]
[teckko.vercel.app/blog-standard.html]
[teckko.vercel.app/image/blog/tf-post-big-1.jpg]
[teckko.vercel.app/image/blog/tf-post-big-2.jpg]
[teckko.vercel.app/image/blog/tf-post-big-3.jpg]
[teckko.vercel.app/blog-list.html]
[teckko.vercel.app/image/avatar/avata-blog-details.jpg]
[teckko.vercel.app/image/blog/img-blog-details-1.jpg]
[teckko.vercel.app/image/blog/img-blog-details-2.jpg]
[teckko.vercel.app/image/blog/img-blog-details-3.jpg]
[teckko.vercel.app/image/avatar/avatar-author.jpg]
[teckko.vercel.app/image/avatar/avatar-comment-1.jpg]
[teckko.vercel.app/image/avatar/avatar-comment-2.jpg]
[teckko.vercel.app/blog-details.html]
[teckko.vercel.app/css/map.min.css]
[teckko.vercel.app/js/map.min.js]
[teckko.vercel.app/contact.html]
[teckko.vercel.app/image/logo/favi.svg]
[teckko.vercel.app/icons/icomoon/fonts/icomoon73a7.svg]
[teckko.vercel.app/css/map.min.css]
[teckko.vercel.app/js/map.js]
